Archive member included to satisfy reference by file (symbol)

c:/program files (x86)/atollic/truestudio for stm32 9.2.0/armtools/bin/../lib/gcc/arm-atollic-eabi/6.3.1/../../../../arm-atollic-eabi/lib/armv7-m\libc_nano.a(lib_a-init.o)
                              startup\startup_stm32f103xb.o (__libc_init_array)
c:/program files (x86)/atollic/truestudio for stm32 9.2.0/armtools/bin/../lib/gcc/arm-atollic-eabi/6.3.1/../../../../arm-atollic-eabi/lib/armv7-m\libc_nano.a(lib_a-memset.o)
                              Drivers\STM32F1xx_HAL_Driver\Src\stm32f1xx_hal_rcc.o (memset)
c:/program files (x86)/atollic/truestudio for stm32 9.2.0/armtools/bin/../lib/gcc/arm-atollic-eabi/6.3.1/../../../../arm-atollic-eabi/lib/armv7-m\libc_nano.a(lib_a-sprintf.o)
                              Src\main.o (sprintf)
c:/program files (x86)/atollic/truestudio for stm32 9.2.0/armtools/bin/../lib/gcc/arm-atollic-eabi/6.3.1/../../../../arm-atollic-eabi/lib/armv7-m\libc_nano.a(lib_a-strlen.o)
                              Src\main.o (strlen)
c:/program files (x86)/atollic/truestudio for stm32 9.2.0/armtools/bin/../lib/gcc/arm-atollic-eabi/6.3.1/../../../../arm-atollic-eabi/lib/armv7-m\libc_nano.a(lib_a-impure.o)
                              c:/program files (x86)/atollic/truestudio for stm32 9.2.0/armtools/bin/../lib/gcc/arm-atollic-eabi/6.3.1/../../../../arm-atollic-eabi/lib/armv7-m\libc_nano.a(lib_a-sprintf.o) (_impure_ptr)
c:/program files (x86)/atollic/truestudio for stm32 9.2.0/armtools/bin/../lib/gcc/arm-atollic-eabi/6.3.1/../../../../arm-atollic-eabi/lib/armv7-m\libc_nano.a(lib_a-nano-svfprintf.o)
                              c:/program files (x86)/atollic/truestudio for stm32 9.2.0/armtools/bin/../lib/gcc/arm-atollic-eabi/6.3.1/../../../../arm-atollic-eabi/lib/armv7-m\libc_nano.a(lib_a-sprintf.o) (_svfprintf_r)
c:/program files (x86)/atollic/truestudio for stm32 9.2.0/armtools/bin/../lib/gcc/arm-atollic-eabi/6.3.1/../../../../arm-atollic-eabi/lib/armv7-m\libc_nano.a(lib_a-nano-vfprintf_i.o)
                              c:/program files (x86)/atollic/truestudio for stm32 9.2.0/armtools/bin/../lib/gcc/arm-atollic-eabi/6.3.1/../../../../arm-atollic-eabi/lib/armv7-m\libc_nano.a(lib_a-nano-svfprintf.o) (_printf_i)
c:/program files (x86)/atollic/truestudio for stm32 9.2.0/armtools/bin/../lib/gcc/arm-atollic-eabi/6.3.1/../../../../arm-atollic-eabi/lib/armv7-m\libc_nano.a(lib_a-memchr-stub.o)
                              c:/program files (x86)/atollic/truestudio for stm32 9.2.0/armtools/bin/../lib/gcc/arm-atollic-eabi/6.3.1/../../../../arm-atollic-eabi/lib/armv7-m\libc_nano.a(lib_a-nano-svfprintf.o) (memchr)
c:/program files (x86)/atollic/truestudio for stm32 9.2.0/armtools/bin/../lib/gcc/arm-atollic-eabi/6.3.1/../../../../arm-atollic-eabi/lib/armv7-m\libc_nano.a(lib_a-memcpy-stub.o)
                              c:/program files (x86)/atollic/truestudio for stm32 9.2.0/armtools/bin/../lib/gcc/arm-atollic-eabi/6.3.1/../../../../arm-atollic-eabi/lib/armv7-m\libc_nano.a(lib_a-nano-svfprintf.o) (memcpy)
c:/program files (x86)/atollic/truestudio for stm32 9.2.0/armtools/bin/../lib/gcc/arm-atollic-eabi/6.3.1/../../../../arm-atollic-eabi/lib/armv7-m\libc_nano.a(lib_a-memmove.o)
                              c:/program files (x86)/atollic/truestudio for stm32 9.2.0/armtools/bin/../lib/gcc/arm-atollic-eabi/6.3.1/../../../../arm-atollic-eabi/lib/armv7-m\libc_nano.a(lib_a-nano-svfprintf.o) (memmove)
c:/program files (x86)/atollic/truestudio for stm32 9.2.0/armtools/bin/../lib/gcc/arm-atollic-eabi/6.3.1/../../../../arm-atollic-eabi/lib/armv7-m\libc_nano.a(lib_a-nano-freer.o)
                              c:/program files (x86)/atollic/truestudio for stm32 9.2.0/armtools/bin/../lib/gcc/arm-atollic-eabi/6.3.1/../../../../arm-atollic-eabi/lib/armv7-m\libc_nano.a(lib_a-nano-svfprintf.o) (_free_r)
c:/program files (x86)/atollic/truestudio for stm32 9.2.0/armtools/bin/../lib/gcc/arm-atollic-eabi/6.3.1/../../../../arm-atollic-eabi/lib/armv7-m\libc_nano.a(lib_a-nano-mallocr.o)
                              c:/program files (x86)/atollic/truestudio for stm32 9.2.0/armtools/bin/../lib/gcc/arm-atollic-eabi/6.3.1/../../../../arm-atollic-eabi/lib/armv7-m\libc_nano.a(lib_a-nano-svfprintf.o) (_malloc_r)
c:/program files (x86)/atollic/truestudio for stm32 9.2.0/armtools/bin/../lib/gcc/arm-atollic-eabi/6.3.1/../../../../arm-atollic-eabi/lib/armv7-m\libc_nano.a(lib_a-nano-reallocr.o)
                              c:/program files (x86)/atollic/truestudio for stm32 9.2.0/armtools/bin/../lib/gcc/arm-atollic-eabi/6.3.1/../../../../arm-atollic-eabi/lib/armv7-m\libc_nano.a(lib_a-nano-svfprintf.o) (_realloc_r)
c:/program files (x86)/atollic/truestudio for stm32 9.2.0/armtools/bin/../lib/gcc/arm-atollic-eabi/6.3.1/../../../../arm-atollic-eabi/lib/armv7-m\libc_nano.a(lib_a-sbrkr.o)
[...]
Memory Configuration

Name             Origin             Length             Attributes
RAM              0x20000000         0x00005000         xrw
FLASH            0x08000000         0x00010000         xr
*default*        0x00000000         0xffffffff

Linker script and memory map

LOAD c:/program files (x86)/atollic/truestudio for stm32 9.2.0/armtools/bin/../lib/gcc/arm-atollic-eabi/6.3.1/armv7-m/crti.o
LOAD c:/program files (x86)/atollic/truestudio for stm32 9.2.0/armtools/bin/../lib/gcc/arm-atollic-eabi/6.3.1/armv7-m/crtbegin.o
LOAD Drivers\STM32F1xx_HAL_Driver\Src\stm32f1xx_hal.o
LOAD Drivers\STM32F1xx_HAL_Driver\Src\stm32f1xx_hal_cortex.o
LOAD Drivers\STM32F1xx_HAL_Driver\Src\stm32f1xx_hal_dma.o
LOAD Drivers\STM32F1xx_HAL_Driver\Src\stm32f1xx_hal_flash.o
LOAD Drivers\STM32F1xx_HAL_Driver\Src\stm32f1xx_hal_flash_ex.o
LOAD Drivers\STM32F1xx_HAL_Driver\Src\stm32f1xx_hal_gpio.o
LOAD Drivers\STM32F1xx_HAL_Driver\Src\stm32f1xx_hal_gpio_ex.o
LOAD Drivers\STM32F1xx_HAL_Driver\Src\stm32f1xx_hal_pcd.o
LOAD Drivers\STM32F1xx_HAL_Driver\Src\stm32f1xx_hal_pcd_ex.o
LOAD Drivers\STM32F1xx_HAL_Driver\Src\stm32f1xx_hal_pwr.o
LOAD Drivers\STM32F1xx_HAL_Driver\Src\stm32f1xx_hal_rcc.o
LOAD Drivers\STM32F1xx_HAL_Driver\Src\stm32f1xx_hal_rcc_ex.o
LOAD Drivers\STM32F1xx_HAL_Driver\Src\stm32f1xx_hal_tim.o
LOAD Drivers\STM32F1xx_HAL_Driver\Src\stm32f1xx_hal_tim_ex.o
LOAD Drivers\STM32F1xx_HAL_Driver\Src\stm32f1xx_ll_usb.o
LOAD Middlewares\ST\STM32_USB_Device_Library\Class\CDC\Src\usbd_cdc.o
LOAD Middlewares\ST\STM32_USB_Device_Library\Core\Src\usbd_core.o
LOAD Middlewares\ST\STM32_USB_Device_Library\Core\Src\usbd_ctlreq.o
LOAD Middlewares\ST\STM32_USB_Device_Library\Core\Src\usbd_ioreq.o
LOAD Src\main.o
LOAD Src\stm32f1xx_hal_msp.o
LOAD Src\stm32f1xx_it.o
LOAD Src\system_stm32f1xx.o
LOAD Src\usb_device.o
LOAD Src\usbd_cdc_if.o
LOAD Src\usbd_conf.o
LOAD Src\usbd_desc.o
LOAD startup\startup_stm32f103xb.o
                0x00000080                malloc_getpagesize_P = 0x80
START GROUP
LOAD c:/program files (x86)/atollic/truestudio for stm32 9.2.0/armtools/bin/../lib/gcc/arm-atollic-eabi/6.3.1/../../../../arm-atollic-eabi/lib/armv7-m\libc_nano.a
LOAD c:/program files (x86)/atollic/truestudio for stm32 9.2.0/armtools/bin/../lib/gcc/arm-atollic-eabi/6.3.1/../../../../arm-atollic-eabi/lib/armv7-m\libm.a
END GROUP
START GROUP
LOAD c:/program files (x86)/atollic/truestudio for stm32 9.2.0/armtools/bin/../lib/gcc/arm-atollic-eabi/6.3.1/armv7-m\libgcc.a
LOAD c:/program files (x86)/atollic/truestudio for stm32 9.2.0/armtools/bin/../lib/gcc/arm-atollic-eabi/6.3.1/../../../../arm-atollic-eabi/lib/armv7-m\libc_nano.a
END GROUP
START GROUP
LOAD c:/program files (x86)/atollic/truestudio for stm32 9.2.0/armtools/bin/../lib/gcc/arm-atollic-eabi/6.3.1/armv7-m\libgcc.a
LOAD c:/program files (x86)/atollic/truestudio for stm32 9.2.0/armtools/bin/../lib/gcc/arm-atollic-eabi/6.3.1/../../../../arm-atollic-eabi/lib/armv7-m\libc_nano.a
LOAD c:/program files (x86)/atollic/truestudio for stm32 9.2.0/armtools/bin/../lib/gcc/arm-atollic-eabi/6.3.1/../../../../arm-atollic-eabi/lib/armv7-m\libnosys.a
END GROUP
START GROUP
LOAD c:/program files (x86)/atollic/truestudio for stm32 9.2.0/armtools/bin/../lib/gcc/arm-atollic-eabi/6.3.1/armv7-m\libgcc.a
LOAD c:/program files (x86)/atollic/truestudio for stm32 9.2.0/armtools/bin/../lib/gcc/arm-atollic-eabi/6.3.1/../../../../arm-atollic-eabi/lib/armv7-m\libc_nano.a
LOAD c:/program files (x86)/atollic/truestudio for stm32 9.2.0/armtools/bin/../lib/gcc/arm-atollic-eabi/6.3.1/../../../../arm-atollic-eabi/lib/armv7-m\libnosys.a
END GROUP
LOAD c:/program files (x86)/atollic/truestudio for stm32 9.2.0/armtools/bin/../lib/gcc/arm-atollic-eabi/6.3.1/armv7-m/crtend.o
LOAD c:/program files (x86)/atollic/truestudio for stm32 9.2.0/armtools/bin/../lib/gcc/arm-atollic-eabi/6.3.1/armv7-m/crtn.o
                0x20005000                _estack = 0x20005000
                0x00000200                _Min_Heap_Size = 0x200
                0x00000400                _Min_Stack_Size = 0x400

.isr_vector     0x08000000      0x10c
                0x08000000                . = ALIGN (0x4)
 *(.isr_vector)
 .isr_vector    0x08000000      0x10c startup\startup_stm32f103xb.o
                0x08000000                g_pfnVectors
                0x0800010c                . = ALIGN (0x4)

.text           0x0800010c     0x2cac
                0x0800010c                . = ALIGN (0x4)
 *(.text)
 .text          0x0800010c       0x40 c:/program files (x86)/atollic/truestudio for stm32 9.2.0/armtools/bin/../lib/gcc/arm-atollic-eabi/6.3.1/armv7-m/crtbegin.o
 *(.text*)
 .text.HAL_InitTick
                0x0800014c       0x48 Drivers\STM32F1xx_HAL_Driver\Src\stm32f1xx_hal.o
                0x0800014c                HAL_InitTick
 .text.HAL_Init
                0x08000194       0x24 Drivers\STM32F1xx_HAL_Driver\Src\stm32f1xx_hal.o
                0x08000194                HAL_Init
 .text.HAL_IncTick
                0x080001b8       0x18 Drivers\STM32F1xx_HAL_Driver\Src\stm32f1xx_hal.o
                0x080001b8                HAL_IncTick
 .text.HAL_GetTick
                0x080001d0        0xc Drivers\STM32F1xx_HAL_Driver\Src\stm32f1xx_hal.o
                0x080001d0                HAL_GetTick
 .text.HAL_NVIC_SetPriorityGrouping
                0x080001dc       0x24 Drivers\STM32F1xx_HAL_Driver\Src\stm32f1xx_hal_cortex.o
                0x080001dc                HAL_NVIC_SetPriorityGrouping
 .text.HAL_NVIC_SetPriority
                0x08000200       0x68 Drivers\STM32F1xx_HAL_Driver\Src\stm32f1xx_hal_cortex.o
                0x08000200                HAL_NVIC_SetPriority
 .text.HAL_NVIC_EnableIRQ
                0x08000268       0x18 Drivers\STM32F1xx_HAL_Driver\Src\stm32f1xx_hal_cortex.o
                0x08000268                HAL_NVIC_EnableIRQ
 .text.HAL_SYSTICK_Config
                0x08000280       0x2c Drivers\STM32F1xx_HAL_Driver\Src\stm32f1xx_hal_cortex.o
                0x08000280                HAL_SYSTICK_Config
 .text.HAL_GPIO_Init
                0x080002ac      0x1c0 Drivers\STM32F1xx_HAL_Driver\Src\stm32f1xx_hal_gpio.o
                0x080002ac                HAL_GPIO_Init
 .text.HAL_GPIO_ReadPin
                0x0800046c        0xc Drivers\STM32F1xx_HAL_Driver\Src\stm32f1xx_hal_gpio.o
                0x0800046c                HAL_GPIO_ReadPin
 .text.HAL_GPIO_WritePin
                0x08000478        0xa Drivers\STM32F1xx_HAL_Driver\Src\stm32f1xx_hal_gpio.o
                0x08000478                HAL_GPIO_WritePin
 .text.HAL_GPIO_TogglePin
                0x08000482        0x8 Drivers\STM32F1xx_HAL_Driver\Src\stm32f1xx_hal_gpio.o
                0x08000482                HAL_GPIO_TogglePin
 .text.HAL_PCD_Init
                0x0800048a       0xd2 Drivers\STM32F1xx_HAL_Driver\Src\stm32f1xx_hal_pcd.o
                0x0800048a                HAL_PCD_Init
 .text.HAL_PCD_Start
                0x0800055c       0x2e Drivers\STM32F1xx_HAL_Driver\Src\stm32f1xx_hal_pcd.o
                0x0800055c                HAL_PCD_Start
 .text.HAL_PCD_SetAddress
                0x0800058a       0x28 Drivers\STM32F1xx_HAL_Driver\Src\stm32f1xx_hal_pcd.o
                0x0800058a                HAL_PCD_SetAddress
 .text.HAL_PCD_EP_Open
                0x080005b2       0x46 Drivers\STM32F1xx_HAL_Driver\Src\stm32f1xx_hal_pcd.o
                0x080005b2                HAL_PCD_EP_Open
 .text.HAL_PCD_EP_Close
                0x080005f8       0x42 Drivers\STM32F1xx_HAL_Driver\Src\stm32f1xx_hal_pcd.o
                0x080005f8                HAL_PCD_EP_Close
 .text.HAL_PCD_EP_Receive
                0x0800063a       0x30 Drivers\STM32F1xx_HAL_Driver\Src\stm32f1xx_hal_pcd.o
                0x0800063a                HAL_PCD_EP_Receive
 .text.HAL_PCD_EP_GetRxCount
                0x0800066a        0xe Drivers\STM32F1xx_HAL_Driver\Src\stm32f1xx_hal_pcd.o
                0x0800066a                HAL_PCD_EP_GetRxCount
 .text.HAL_PCD_EP_Transmit
                0x08000678       0x2c Drivers\STM32F1xx_HAL_Driver\Src\stm32f1xx_hal_pcd.o
                0x08000678                HAL_PCD_EP_Transmit
 .text.HAL_PCD_IRQHandler
                0x080006a4      0x4f0 Drivers\STM32F1xx_HAL_Driver\Src\stm32f1xx_hal_pcd.o
                0x080006a4                HAL_PCD_IRQHandler
 .text.HAL_PCD_EP_SetStall
                0x08000b94       0x52 Drivers\STM32F1xx_HAL_Driver\Src\stm32f1xx_hal_pcd.o
                0x08000b94                HAL_PCD_EP_SetStall
 .text.HAL_PCD_EP_ClrStall
                0x08000be6       0x46 Drivers\STM32F1xx_HAL_Driver\Src\stm32f1xx_hal_pcd.o
                0x08000be6                HAL_PCD_EP_ClrStall
 .text.HAL_PCDEx_PMAConfig
                0x08000c2c       0x30 Drivers\STM32F1xx_HAL_Driver\Src\stm32f1xx_hal_pcd_ex.o
                0x08000c2c                HAL_PCDEx_PMAConfig
 .text.HAL_RCC_OscConfig
                0x08000c5c      0x318 Drivers\STM32F1xx_HAL_Driver\Src\stm32f1xx_hal_rcc.o
                0x08000c5c                HAL_RCC_OscConfig
 .text.HAL_RCC_GetSysClockFreq
                0x08000f74       0x78 Drivers\STM32F1xx_HAL_Driver\Src\stm32f1xx_hal_rcc.o
                0x08000f74                HAL_RCC_GetSysClockFreq
 .text.HAL_RCC_ClockConfig
                0x08000fec      0x164 Drivers\STM32F1xx_HAL_Driver\Src\stm32f1xx_hal_rcc.o
                0x08000fec                HAL_RCC_ClockConfig
 .text.HAL_RCCEx_PeriphCLKConfig
                0x08001150       0xf0 Drivers\STM32F1xx_HAL_Driver\Src\stm32f1xx_hal_rcc_ex.o
                0x08001150                HAL_RCCEx_PeriphCLKConfig
 .text.HAL_TIM_Base_Start_IT
                0x08001240       0x16 Drivers\STM32F1xx_HAL_Driver\Src\stm32f1xx_hal_tim.o
                0x08001240                HAL_TIM_Base_Start_IT
 .text.HAL_TIM_ConfigClockSource
                0x08001256      0x172 Drivers\STM32F1xx_HAL_Driver\Src\stm32f1xx_hal_tim.o
                0x08001256                HAL_TIM_ConfigClockSource
 .text.HAL_TIM_OC_DelayElapsedCallback
                0x080013c8        0x2 Drivers\STM32F1xx_HAL_Driver\Src\stm32f1xx_hal_tim.o
                0x080013c8                HAL_TIM_OC_DelayElapsedCallback
 .text.HAL_TIM_IC_CaptureCallback
                0x080013ca        0x2 Drivers\STM32F1xx_HAL_Driver\Src\stm32f1xx_hal_tim.o
                0x080013ca                HAL_TIM_IC_CaptureCallback
 .text.HAL_TIM_PWM_PulseFinishedCallback
                0x080013cc        0x2 Drivers\STM32F1xx_HAL_Driver\Src\stm32f1xx_hal_tim.o
                0x080013cc                HAL_TIM_PWM_PulseFinishedCallback
 .text.HAL_TIM_TriggerCallback
                0x080013ce        0x2 Drivers\STM32F1xx_HAL_Driver\Src\stm32f1xx_hal_tim.o
                0x080013ce                HAL_TIM_TriggerCallback
 .text.HAL_TIM_IRQHandler
                0x080013d0      0x144 Drivers\STM32F1xx_HAL_Driver\Src\stm32f1xx_hal_tim.o
                0x080013d0                HAL_TIM_IRQHandler
 .text.TIM_Base_SetConfig
                0x08001514       0x70 Drivers\STM32F1xx_HAL_Driver\Src\stm32f1xx_hal_tim.o
                0x08001514                TIM_Base_SetConfig
 .text.HAL_TIM_Base_Init
                0x08001584       0x34 Drivers\STM32F1xx_HAL_Driver\Src\stm32f1xx_hal_tim.o
                0x08001584                HAL_TIM_Base_Init
 .text.HAL_TIMEx_MasterConfigSynchronization
                0x080015b8       0x44 Drivers\STM32F1xx_HAL_Driver\Src\stm32f1xx_hal_tim_ex.o
                0x080015b8                HAL_TIMEx_MasterConfigSynchronization
 .text.HAL_TIMEx_CommutationCallback
                0x080015fc        0x2 Drivers\STM32F1xx_HAL_Driver\Src\stm32f1xx_hal_tim_ex.o
                0x080015fc                HAL_TIMEx_CommutationCallback
 .text.HAL_TIMEx_BreakCallback
                0x080015fe        0x2 Drivers\STM32F1xx_HAL_Driver\Src\stm32f1xx_hal_tim_ex.o
                0x080015fe                HAL_TIMEx_BreakCallback
 .text.USB_CoreInit
                0x08001600        0xe Drivers\STM32F1xx_HAL_Driver\Src\stm32f1xx_ll_usb.o
                0x08001600                USB_CoreInit
 .text.USB_EnableGlobalInt
                0x0800160e       0x12 Drivers\STM32F1xx_HAL_Driver\Src\stm32f1xx_ll_usb.o
                0x0800160e                USB_EnableGlobalInt
 .text.USB_DisableGlobalInt
                0x08001620       0x14 Drivers\STM32F1xx_HAL_Driver\Src\stm32f1xx_ll_usb.o
                0x08001620                USB_DisableGlobalInt
 .text.USB_SetCurrentMode
                0x08001634        0x4 Drivers\STM32F1xx_HAL_Driver\Src\stm32f1xx_ll_usb.o
                0x08001634                USB_SetCurrentMode
 .text.USB_DevInit
                0x08001638       0x36 Drivers\STM32F1xx_HAL_Driver\Src\stm32f1xx_ll_usb.o
                0x08001638                USB_DevInit
 *fill*         0x0800166e        0x2 
 .text.USB_ActivateEndpoint
                0x08001670      0x2e4 Drivers\STM32F1xx_HAL_Driver\Src\stm32f1xx_ll_usb.o
                0x08001670                USB_ActivateEndpoint
 .text.USB_DeactivateEndpoint
                0x08001954      0x19c Drivers\STM32F1xx_HAL_Driver\Src\stm32f1xx_ll_usb.o
                0x08001954                USB_DeactivateEndpoint
 .text.USB_EPSetStall
                0x08001af0       0x64 Drivers\STM32F1xx_HAL_Driver\Src\stm32f1xx_ll_usb.o
                0x08001af0                USB_EPSetStall
 .text.USB_EPClearStall
                0x08001b54       0x84 Drivers\STM32F1xx_HAL_Driver\Src\stm32f1xx_ll_usb.o
                0x08001b54                USB_EPClearStall
 .text.USB_SetDevAddress
                0x08001bd8        0xc Drivers\STM32F1xx_HAL_Driver\Src\stm32f1xx_ll_usb.o
                0x08001bd8                USB_SetDevAddress
 .text.USB_DevConnect
                0x08001be4        0x4 Drivers\STM32F1xx_HAL_Driver\Src\stm32f1xx_ll_usb.o
                0x08001be4                USB_DevConnect
 .text.USB_DevDisconnect
                0x08001be8        0x4 Drivers\STM32F1xx_HAL_Driver\Src\stm32f1xx_ll_usb.o
                0x08001be8                USB_DevDisconnect
 .text.USB_ReadInterrupts
                0x08001bec        0x8 Drivers\STM32F1xx_HAL_Driver\Src\stm32f1xx_ll_usb.o
                0x08001bec                USB_ReadInterrupts
 .text.USB_EP0_OutStart
                0x08001bf4        0x4 Drivers\STM32F1xx_HAL_Driver\Src\stm32f1xx_ll_usb.o
                0x08001bf4                USB_EP0_OutStart
 .text.USB_WritePMA
                0x08001bf8       0x22 Drivers\STM32F1xx_HAL_Driver\Src\stm32f1xx_ll_usb.o
                0x08001bf8                USB_WritePMA
 *fill*         0x08001c1a        0x2 
 .text.USB_EPStartXfer
                0x08001c1c      0x200 Drivers\STM32F1xx_HAL_Driver\Src\stm32f1xx_ll_usb.o
                0x08001c1c                USB_EPStartXfer
 .text.USB_ReadPMA
                0x08001e1c       0x22 Drivers\STM32F1xx_HAL_Driver\Src\stm32f1xx_ll_usb.o
                0x08001e1c                USB_ReadPMA
 .text.USBD_CDC_DataIn
                0x08001e3e       0x12 Middlewares\ST\STM32_USB_Device_Library\Class\CDC\Src\usbd_cdc.o
 .text.USBD_CDC_EP0_RxReady
                0x08001e50       0x28 Middlewares\ST\STM32_USB_Device_Library\Class\CDC\Src\usbd_cdc.o
 .text.USBD_CDC_GetFSCfgDesc
                0x08001e78        0xc Middlewares\ST\STM32_USB_Device_Library\Class\CDC\Src\usbd_cdc.o
 .text.USBD_CDC_GetHSCfgDesc
                0x08001e84        0xc Middlewares\ST\STM32_USB_Device_Library\Class\CDC\Src\usbd_cdc.o
 .text.USBD_CDC_GetOtherSpeedCfgDesc
                0x08001e90        0xc Middlewares\ST\STM32_USB_Device_Library\Class\CDC\Src\usbd_cdc.o
 .text.USBD_CDC_GetDeviceQualifierDescriptor
                0x08001e9c        0xc Middlewares\ST\STM32_USB_Device_Library\Class\CDC\Src\usbd_cdc.o
                0x08001e9c                USBD_CDC_GetDeviceQualifierDescriptor
 .text.USBD_CDC_DataOut
                0x08001ea8       0x2e Middlewares\ST\STM32_USB_Device_Library\Class\CDC\Src\usbd_cdc.o
 *fill*         0x08001ed6        0x2 
 .text.USBD_CDC_Setup
                0x08001ed8       0x68 Middlewares\ST\STM32_USB_Device_Library\Class\CDC\Src\usbd_cdc.o
 .text.USBD_CDC_DeInit
                0x08001f40       0x3a Middlewares\ST\STM32_USB_Device_Library\Class\CDC\Src\usbd_cdc.o
 .text.USBD_CDC_Init
                0x08001f7a       0x8c Middlewares\ST\STM32_USB_Device_Library\Class\CDC\Src\usbd_cdc.o
 .text.USBD_CDC_RegisterInterface
                0x08002006        0xe Middlewares\ST\STM32_USB_Device_Library\Class\CDC\Src\usbd_cdc.o
                0x08002006                USBD_CDC_RegisterInterface
 .text.USBD_CDC_SetTxBuffer
                0x08002014       0x10 Middlewares\ST\STM32_USB_Device_Library\Class\CDC\Src\usbd_cdc.o
                0x08002014                USBD_CDC_SetTxBuffer
 .text.USBD_CDC_SetRxBuffer
                0x08002024        0xc Middlewares\ST\STM32_USB_Device_Library\Class\CDC\Src\usbd_cdc.o
                0x08002024                USBD_CDC_SetRxBuffer
 .text.USBD_CDC_ReceivePacket
                0x08002030       0x26 Middlewares\ST\STM32_USB_Device_Library\Class\CDC\Src\usbd_cdc.o
                0x08002030                USBD_CDC_ReceivePacket
 .text.USBD_Init
                0x08002056       0x2a Middlewares\ST\STM32_USB_Device_Library\Core\Src\usbd_core.o
                0x08002056                USBD_Init
 .text.USBD_RegisterClass
                0x08002080        0xe Middlewares\ST\STM32_USB_Device_Library\Core\Src\usbd_core.o
                0x08002080                USBD_RegisterClass
 .text.USBD_Start
                0x0800208e        0xa Middlewares\ST\STM32_USB_Device_Library\Core\Src\usbd_core.o
                0x0800208e                USBD_Start
 .text.USBD_SetClassConfig
                0x08002098       0x16 Middlewares\ST\STM32_USB_Device_Library\Core\Src\usbd_core.o
                0x08002098                USBD_SetClassConfig
 .text.USBD_ClrClassConfig
                0x080020ae        0xe Middlewares\ST\STM32_USB_Device_Library\Core\Src\usbd_core.o
                0x080020ae                USBD_ClrClassConfig
 .text.USBD_LL_SetupStage
                0x080020bc       0x5a Middlewares\ST\STM32_USB_Device_Library\Core\Src\usbd_core.o
                0x080020bc                USBD_LL_SetupStage
 .text.USBD_LL_DataOutStage
                0x08002116       0x64 Middlewares\ST\STM32_USB_Device_Library\Core\Src\usbd_core.o
                0x08002116                USBD_LL_DataOutStage
 .text.USBD_LL_DataInStage
                0x0800217a       0x9e Middlewares\ST\STM32_USB_Device_Library\Core\Src\usbd_core.o
                0x0800217a                USBD_LL_DataInStage
 .text.USBD_LL_Reset
                0x08002218       0x3e Middlewares\ST\STM32_USB_Device_Library\Core\Src\usbd_core.o
                0x08002218                USBD_LL_Reset
 .text.USBD_LL_SetSpeed
                0x08002256        0x6 Middlewares\ST\STM32_USB_Device_Library\Core\Src\usbd_core.o
                0x08002256                USBD_LL_SetSpeed
 .text.USBD_LL_Suspend
                0x0800225c       0x12 Middlewares\ST\STM32_USB_Device_Library\Core\Src\usbd_core.o
                0x0800225c                USBD_LL_Suspend
 .text.USBD_LL_Resume
                0x0800226e        0xc Middlewares\ST\STM32_USB_Device_Library\Core\Src\usbd_core.o
                0x0800226e                USBD_LL_Resume
 .text.USBD_LL_SOF
                0x0800227a       0x18 Middlewares\ST\STM32_USB_Device_Library\Core\Src\usbd_core.o
                0x0800227a                USBD_LL_SOF
 .text.USBD_CtlError.constprop.0
                0x08002292       0x16 Middlewares\ST\STM32_USB_Device_Library\Core\Src\usbd_ctlreq.o
 .text.USBD_StdDevReq
                0x080022a8      0x1f4 Middlewares\ST\STM32_USB_Device_Library\Core\Src\usbd_ctlreq.o
                0x080022a8                USBD_StdDevReq
 .text.USBD_StdItfReq
                0x0800249c       0x30 Middlewares\ST\STM32_USB_Device_Library\Core\Src\usbd_ctlreq.o
                0x0800249c                USBD_StdItfReq
 .text.USBD_StdEPReq
                0x080024cc       0xc6 Middlewares\ST\STM32_USB_Device_Library\Core\Src\usbd_ctlreq.o
                0x080024cc                USBD_StdEPReq
 .text.USBD_ParseSetupRequest
                0x08002592       0x28 Middlewares\ST\STM32_USB_Device_Library\Core\Src\usbd_ctlreq.o
                0x08002592                USBD_ParseSetupRequest
 .text.USBD_GetString
                0x080025ba       0x38 Middlewares\ST\STM32_USB_Device_Library\Core\Src\usbd_ctlreq.o
                0x080025ba                USBD_GetString
 .text.USBD_CtlSendData
                0x080025f2       0x1a Middlewares\ST\STM32_USB_Device_Library\Core\Src\usbd_ioreq.o
                0x080025f2                USBD_CtlSendData
 .text.USBD_CtlContinueSendData
                0x0800260c       0x10 Middlewares\ST\STM32_USB_Device_Library\Core\Src\usbd_ioreq.o
                0x0800260c                USBD_CtlContinueSendData
 .text.USBD_CtlPrepareRx
                0x0800261c       0x1e Middlewares\ST\STM32_USB_Device_Library\Core\Src\usbd_ioreq.o
                0x0800261c                USBD_CtlPrepareRx
 .text.USBD_CtlContinueRx
                0x0800263a       0x10 Middlewares\ST\STM32_USB_Device_Library\Core\Src\usbd_ioreq.o
                0x0800263a                USBD_CtlContinueRx
 .text.USBD_CtlSendStatus
                0x0800264a       0x16 Middlewares\ST\STM32_USB_Device_Library\Core\Src\usbd_ioreq.o
                0x0800264a                USBD_CtlSendStatus
 .text.USBD_CtlReceiveStatus
                0x08002660       0x16 Middlewares\ST\STM32_USB_Device_Library\Core\Src\usbd_ioreq.o
                0x08002660                USBD_CtlReceiveStatus
 .text.SystemClock_Config
                0x08002676       0x6e Src\main.o
                0x08002676                SystemClock_Config
 .text.startup.main
                0x080026e4      0x160 Src\main.o
                0x080026e4                main
 .text.HAL_TIM_PeriodElapsedCallback
                0x08002844       0x2c Src\main.o
                0x08002844                HAL_TIM_PeriodElapsedCallback
 .text.CDC_Receive_Callback
                0x08002870       0x10 Src\main.o
                0x08002870                CDC_Receive_Callback
 .text.Error_Handler
                0x08002880        0x2 Src\main.o
                0x08002880                Error_Handler
 *fill*         0x08002882        0x2 
 .text.HAL_MspInit
                0x08002884       0x44 Src\stm32f1xx_hal_msp.o
                0x08002884                HAL_MspInit
 .text.HAL_TIM_Base_MspInit
                0x080028c8       0x36 Src\stm32f1xx_hal_msp.o
                0x080028c8                HAL_TIM_Base_MspInit
 .text.NMI_Handler
                0x080028fe        0x2 Src\stm32f1xx_it.o
                0x080028fe                NMI_Handler
 .text.HardFault_Handler
                0x08002900        0x2 Src\stm32f1xx_it.o
                0x08002900                HardFault_Handler
 .text.MemManage_Handler
                0x08002902        0x2 Src\stm32f1xx_it.o
                0x08002902                MemManage_Handler
 .text.BusFault_Handler
                0x08002904        0x2 Src\stm32f1xx_it.o
                0x08002904                BusFault_Handler
 .text.UsageFault_Handler
                0x08002906        0x2 Src\stm32f1xx_it.o
                0x08002906                UsageFault_Handler
 .text.SVC_Handler
                0x08002908        0x2 Src\stm32f1xx_it.o
                0x08002908                SVC_Handler
 .text.DebugMon_Handler
                0x0800290a        0x2 Src\stm32f1xx_it.o
                0x0800290a                DebugMon_Handler
 .text.PendSV_Handler
                0x0800290c        0x2 Src\stm32f1xx_it.o
                0x0800290c                PendSV_Handler
 .text.SysTick_Handler
                0x0800290e        0x4 Src\stm32f1xx_it.o
                0x0800290e                SysTick_Handler
 *fill*         0x08002912        0x2 
 .text.USB_LP_CAN1_RX0_IRQHandler
                0x08002914        0xc Src\stm32f1xx_it.o
                0x08002914                USB_LP_CAN1_RX0_IRQHandler
 .text.TIM2_IRQHandler
                0x08002920        0xc Src\stm32f1xx_it.o
                0x08002920                TIM2_IRQHandler
 .text.SystemInit
                0x0800292c       0x4c Src\system_stm32f1xx.o
                0x0800292c                SystemInit
 .text.MX_USB_DEVICE_Init
                0x08002978       0x38 Src\usb_device.o
                0x08002978                MX_USB_DEVICE_Init
 .text.CDC_DeInit_FS
                0x080029b0        0x4 Src\usbd_cdc_if.o
 .text.CDC_Control_FS
                0x080029b4        0x4 Src\usbd_cdc_if.o
 .text.CDC_Init_FS
                0x080029b8       0x28 Src\usbd_cdc_if.o
 .text.CDC_Receive_FS
                0x080029e0       0x28 Src\usbd_cdc_if.o
 .text.HAL_PCD_MspInit
                0x08002a08       0x3c Src\usbd_conf.o
                0x08002a08                HAL_PCD_MspInit
 .text.HAL_PCD_SetupStageCallback
                0x08002a44        0xc Src\usbd_conf.o
                0x08002a44                HAL_PCD_SetupStageCallback
 .text.HAL_PCD_DataOutStageCallback
                0x08002a50       0x10 Src\usbd_conf.o
                0x08002a50                HAL_PCD_DataOutStageCallback
 .text.HAL_PCD_DataInStageCallback
                0x08002a60        0xe Src\usbd_conf.o
                0x08002a60                HAL_PCD_DataInStageCallback
 .text.HAL_PCD_SOFCallback
                0x08002a6e        0x8 Src\usbd_conf.o
                0x08002a6e                HAL_PCD_SOFCallback
 .text.HAL_PCD_ResetCallback
                0x08002a76       0x1a Src\usbd_conf.o
                0x08002a76                HAL_PCD_ResetCallback
 .text.HAL_PCD_SuspendCallback
                0x08002a90       0x20 Src\usbd_conf.o
                0x08002a90                HAL_PCD_SuspendCallback
 .text.HAL_PCD_ResumeCallback
                0x08002ab0        0x8 Src\usbd_conf.o
                0x08002ab0                HAL_PCD_ResumeCallback
 .text.USBD_LL_Init
                0x08002ab8       0x84 Src\usbd_conf.o
                0x08002ab8                USBD_LL_Init
 .text.USBD_LL_Start
                0x08002b3c       0x1c Src\usbd_conf.o
                0x08002b3c                USBD_LL_Start
 .text.USBD_LL_OpenEP
                0x08002b58       0x20 Src\usbd_conf.o
                0x08002b58                USBD_LL_OpenEP
 .text.USBD_LL_CloseEP
                0x08002b78       0x1c Src\usbd_conf.o
                0x08002b78                USBD_LL_CloseEP
 .text.USBD_LL_StallEP
                0x08002b94       0x1c Src\usbd_conf.o
                0x08002b94                USBD_LL_StallEP
 .text.USBD_LL_ClearStallEP
                0x08002bb0       0x1c Src\usbd_conf.o
                0x08002bb0                USBD_LL_ClearStallEP
 .text.USBD_LL_IsStallEP
                0x08002bcc       0x20 Src\usbd_conf.o
                0x08002bcc                USBD_LL_IsStallEP
 .text.USBD_LL_SetUSBAddress
                0x08002bec       0x1c Src\usbd_conf.o
                0x08002bec                USBD_LL_SetUSBAddress
 .text.USBD_LL_Transmit
                0x08002c08       0x1c Src\usbd_conf.o
                0x08002c08                USBD_LL_Transmit
 .text.USBD_LL_PrepareReceive
                0x08002c24       0x1c Src\usbd_conf.o
                0x08002c24                USBD_LL_PrepareReceive
 .text.USBD_LL_GetRxDataSize
                0x08002c40        0xc Src\usbd_conf.o
                0x08002c40                USBD_LL_GetRxDataSize
 .text.USBD_static_malloc
                0x08002c4c        0x8 Src\usbd_conf.o
                0x08002c4c                USBD_static_malloc
 .text.USBD_static_free
                0x08002c54        0x2 Src\usbd_conf.o
                0x08002c54                USBD_static_free
 .text.HAL_PCDEx_SetConnectionState
                0x08002c56        0x2 Src\usbd_conf.o
                0x08002c56                HAL_PCDEx_SetConnectionState
 .text.USBD_FS_DeviceDescriptor
                0x08002c58        0xc Src\usbd_desc.o
                0x08002c58                USBD_FS_DeviceDescriptor
 .text.USBD_FS_LangIDStrDescriptor
                0x08002c64        0xc Src\usbd_desc.o
                0x08002c64                USBD_FS_LangIDStrDescriptor
 .text.USBD_FS_ManufacturerStrDescriptor
                0x08002c70       0x1c Src\usbd_desc.o
                0x08002c70                USBD_FS_ManufacturerStrDescriptor
 .text.USBD_FS_ProductStrDescriptor
                0x08002c8c       0x1c Src\usbd_desc.o
                0x08002c8c                USBD_FS_ProductStrDescriptor
 .text.USBD_FS_SerialStrDescriptor
                0x08002ca8       0x1c Src\usbd_desc.o
                0x08002ca8                USBD_FS_SerialStrDescriptor
 .text.USBD_FS_ConfigStrDescriptor
                0x08002cc4       0x1c Src\usbd_desc.o
                0x08002cc4                USBD_FS_ConfigStrDescriptor
 .text.USBD_FS_InterfaceStrDescriptor
                0x08002ce0       0x1c Src\usbd_desc.o
                0x08002ce0                USBD_FS_InterfaceStrDescriptor
 .text.Reset_Handler
                0x08002cfc       0x48 startup\startup_stm32f103xb.o
                0x08002cfc                Reset_Handler
 .text.Default_Handler
                0x08002d44        0x2 startup\startup_stm32f103xb.o
                0x08002d44                RTC_Alarm_IRQHandler
                0x08002d44                EXTI2_IRQHandler
                0x08002d44                TIM1_CC_IRQHandler
                0x08002d44                PVD_IRQHandler
                0x08002d44                EXTI3_IRQHandler
                0x08002d44                EXTI0_IRQHandler
                0x08002d44                I2C2_EV_IRQHandler
                0x08002d44                ADC1_2_IRQHandler
                0x08002d44                SPI1_IRQHandler
                0x08002d44                TAMPER_IRQHandler
                0x08002d44                DMA1_Channel4_IRQHandler
                0x08002d44                USART3_IRQHandler
                0x08002d44                RTC_IRQHandler
                0x08002d44                DMA1_Channel7_IRQHandler
                0x08002d44                CAN1_RX1_IRQHandler
                0x08002d44                TIM4_IRQHandler
                0x08002d44                I2C1_EV_IRQHandler
                0x08002d44                DMA1_Channel6_IRQHandler
                0x08002d44                TIM3_IRQHandler
                0x08002d44                RCC_IRQHandler
                0x08002d44                TIM1_TRG_COM_IRQHandler
                0x08002d44                DMA1_Channel1_IRQHandler
                0x08002d44                Default_Handler
                0x08002d44                EXTI15_10_IRQHandler
                0x08002d44                EXTI9_5_IRQHandler
                0x08002d44                SPI2_IRQHandler
                0x08002d44                DMA1_Channel5_IRQHandler
                0x08002d44                EXTI4_IRQHandler
                0x08002d44                USB_HP_CAN1_TX_IRQHandler
                0x08002d44                DMA1_Channel3_IRQHandler
                0x08002d44                TIM1_UP_IRQHandler
                0x08002d44                WWDG_IRQHandler
                0x08002d44                TIM1_BRK_IRQHandler
                0x08002d44                EXTI1_IRQHandler
                0x08002d44                USART2_IRQHandler
                0x08002d44                I2C2_ER_IRQHandler
                0x08002d44                DMA1_Channel2_IRQHandler
                0x08002d44                CAN1_SCE_IRQHandler
                0x08002d44                FLASH_IRQHandler
                0x08002d44                USART1_IRQHandler
                0x08002d44                I2C1_ER_IRQHandler
                0x08002d44                USBWakeUp_IRQHandler
 *fill*         0x08002d46        0x2 
 .text.__libc_init_array
                0x08002d48       0x48 c:/program files (x86)/atollic/truestudio for stm32 9.2.0/armtools/bin/../lib/gcc/arm-atollic-eabi/6.3.1/../../../../arm-atollic-eabi/lib/armv7-m\libc_nano.a(lib_a-init.o)
                0x08002d48                __libc_init_array
 .text.memset   0x08002d90       0x10 c:/program files (x86)/atollic/truestudio for stm32 9.2.0/armtools/bin/../lib/gcc/arm-atollic-eabi/6.3.1/../../../../arm-atollic-eabi/lib/armv7-m\libc_nano.a(lib_a-memset.o)
                0x08002d90                memset
 *(.glue_7)
 .glue_7        0x08002da0        0x0 linker stubs
 *(.glue_7t)
 .glue_7t       0x08002da0        0x0 linker stubs
 *(.eh_frame)
 .eh_frame      0x08002da0        0x0 c:/program files (x86)/atollic/truestudio for stm32 9.2.0/armtools/bin/../lib/gcc/arm-atollic-eabi/6.3.1/armv7-m/crtbegin.o
 *(.init)
 .init          0x08002da0        0x4 c:/program files (x86)/atollic/truestudio for stm32 9.2.0/armtools/bin/../lib/gcc/arm-atollic-eabi/6.3.1/armv7-m/crti.o
                0x08002da0                _init
 .init          0x08002da4        0x8 c:/program files (x86)/atollic/truestudio for stm32 9.2.0/armtools/bin/../lib/gcc/arm-atollic-eabi/6.3.1/armv7-m/crtn.o
 *(.fini)
 .fini          0x08002dac        0x4 c:/program files (x86)/atollic/truestudio for stm32 9.2.0/armtools/bin/../lib/gcc/arm-atollic-eabi/6.3.1/armv7-m/crti.o
                0x08002dac                _fini
 .fini          0x08002db0        0x8 c:/program files (x86)/atollic/truestudio for stm32 9.2.0/armtools/bin/../lib/gcc/arm-atollic-eabi/6.3.1/armv7-m/crtn.o
                0x08002db8                . = ALIGN (0x4)
                0x08002db8                _etext = .

.vfp11_veneer   0x08002db8        0x0
 .vfp11_veneer  0x08002db8        0x0 linker stubs

.v4_bx          0x08002db8        0x0
 .v4_bx         0x08002db8        0x0 linker stubs

.iplt           0x08002db8        0x0
 .iplt          0x08002db8        0x0 c:/program files (x86)/atollic/truestudio for stm32 9.2.0/armtools/bin/../lib/gcc/arm-atollic-eabi/6.3.1/armv7-m/crtbegin.o

.rodata         0x08002db8       0x74
                0x08002db8                . = ALIGN (0x4)
 *(.rodata)
 .rodata        0x08002db8       0x10 Drivers\STM32F1xx_HAL_Driver\Src\stm32f1xx_hal_rcc.o
 *(.rodata*)
 .rodata.AHBPrescTable
                0x08002dc8       0x10 Src\system_stm32f1xx.o
                0x08002dc8                AHBPrescTable
 .rodata.CSWTCH.39
                0x08002dd8        0x4 Src\usbd_conf.o
 .rodata.USBD_FS_ConfigStrDescriptor.str1.1
                0x08002ddc        0xb Src\usbd_desc.o
 .rodata.USBD_FS_InterfaceStrDescriptor.str1.1
                0x08002de7        0xe Src\usbd_desc.o
 .rodata.USBD_FS_ManufacturerStrDescriptor.str1.1
                0x08002df5       0x13 Src\usbd_desc.o
 .rodata.USBD_FS_ProductStrDescriptor.str1.1
                0x08002e08       0x16 Src\usbd_desc.o
 .rodata.USBD_FS_SerialStrDescriptor.str1.1
                0x08002e1e        0xd Src\usbd_desc.o
                0x08002e2c                . = ALIGN (0x4)
 *fill*         0x08002e2b        0x1 

.rel.dyn        0x08002e2c        0x0
 .rel.iplt      0x08002e2c        0x0 c:/program files (x86)/atollic/truestudio for stm32 9.2.0/armtools/bin/../lib/gcc/arm-atollic-eabi/6.3.1/armv7-m/crtbegin.o

.ARM.extab
 *(.ARM.extab* .gnu.linkonce.armextab.*)

.ARM            0x08002e2c        0x0
                0x08002e2c                __exidx_start = .
 *(.ARM.exidx*)
                0x08002e2c                __exidx_end = .

.preinit_array  0x08002e2c        0x0
                0x08002e2c                PROVIDE (__preinit_array_start, .)
 *(.preinit_array*)
                0x08002e2c                PROVIDE (__preinit_array_end, .)

.init_array     0x08002e2c        0x4
                0x08002e2c                PROVIDE (__init_array_start, .)
 *(SORT(.init_array.*))
 *(.init_array*)
 .init_array    0x08002e2c        0x4 c:/program files (x86)/atollic/truestudio for stm32 9.2.0/armtools/bin/../lib/gcc/arm-atollic-eabi/6.3.1/armv7-m/crtbegin.o
                0x08002e30                PROVIDE (__init_array_end, .)

.fini_array     0x08002e30        0x4
                [!provide]                PROVIDE (__fini_array_start, .)
 *(SORT(.fini_array.*))
 *(.fini_array*)
 .fini_array    0x08002e30        0x4 c:/program files (x86)/atollic/truestudio for stm32 9.2.0/armtools/bin/../lib/gcc/arm-atollic-eabi/6.3.1/armv7-m/crtbegin.o
                [!provide]                PROVIDE (__fini_array_end, .)
                0x08002e34                _sidata = LOADADDR (.data)

.data           0x20000000      0x160 load address 0x08002e34
                0x20000000                . = ALIGN (0x4)
                0x20000000                _sdata = .
 *(.data)
 *(.data*)
 .data.uwTickFreq
                0x20000000        0x1 Drivers\STM32F1xx_HAL_Driver\Src\stm32f1xx_hal.o
                0x20000000                uwTickFreq
 *fill*         0x20000001        0x3 
 .data.uwTickPrio
                0x20000004        0x4 Drivers\STM32F1xx_HAL_Driver\Src\stm32f1xx_hal.o
                0x20000004                uwTickPrio
 .data.USBD_CDC
                0x20000008       0x38 Middlewares\ST\STM32_USB_Device_Library\Class\CDC\Src\usbd_cdc.o
                0x20000008                USBD_CDC
 .data.USBD_CDC_CfgFSDesc
                0x20000040       0x43 Middlewares\ST\STM32_USB_Device_Library\Class\CDC\Src\usbd_cdc.o
                0x20000040                USBD_CDC_CfgFSDesc
 *fill*         0x20000083        0x1 
 .data.USBD_CDC_CfgHSDesc
                0x20000084       0x43 Middlewares\ST\STM32_USB_Device_Library\Class\CDC\Src\usbd_cdc.o
                0x20000084                USBD_CDC_CfgHSDesc
 *fill*         0x200000c7        0x1 
 .data.USBD_CDC_DeviceQualifierDesc
                0x200000c8        0xa Middlewares\ST\STM32_USB_Device_Library\Class\CDC\Src\usbd_cdc.o
 *fill*         0x200000d2        0x2 
 .data.USBD_CDC_OtherSpeedCfgDesc
                0x200000d4       0x43 Middlewares\ST\STM32_USB_Device_Library\Class\CDC\Src\usbd_cdc.o
                0x200000d4                USBD_CDC_OtherSpeedCfgDesc
 *fill*         0x20000117        0x1 
 .data.SystemCoreClock
                0x20000118        0x4 Src\system_stm32f1xx.o
                0x20000118                SystemCoreClock
 .data.USBD_Interface_fops_FS
                0x2000011c       0x10 Src\usbd_cdc_if.o
                0x2000011c                USBD_Interface_fops_FS
 .data.FS_Desc  0x2000012c       0x1c Src\usbd_desc.o
                0x2000012c                FS_Desc
 .data.USBD_FS_DeviceDesc
                0x20000148       0x12 Src\usbd_desc.o
                0x20000148                USBD_FS_DeviceDesc
 *fill*         0x2000015a        0x2 
 .data.USBD_LangIDDesc
                0x2000015c        0x4 Src\usbd_desc.o
                0x2000015c                USBD_LangIDDesc
                0x20000160                . = ALIGN (0x4)
                0x20000160                _edata = .

.igot.plt       0x20000160        0x0 load address 0x08002f94
 .igot.plt      0x20000160        0x0 c:/program files (x86)/atollic/truestudio for stm32 9.2.0/armtools/bin/../lib/gcc/arm-atollic-eabi/6.3.1/armv7-m/crtbegin.o
                0x20000160                . = ALIGN (0x4)

.bss            0x20000160     0x1310 load address 0x08002f94
                0x20000160                _sbss = .
                0x20000160                __bss_start__ = _sbss
 *(.bss)
 .bss           0x20000160       0x1c c:/program files (x86)/atollic/truestudio for stm32 9.2.0/armtools/bin/../lib/gcc/arm-atollic-eabi/6.3.1/armv7-m/crtbegin.o
 *(.bss*)
 .bss.ifalt.7960
                0x2000017c        0x1 Middlewares\ST\STM32_USB_Device_Library\Class\CDC\Src\usbd_cdc.o
 .bss.cfgidx.7965
                0x2000017d        0x1 Middlewares\ST\STM32_USB_Device_Library\Core\Src\usbd_ctlreq.o
 *fill*         0x2000017e        0x2 
 .bss.bandera   0x20000180        0x4 Src\main.o
                0x20000180                bandera
 .bss.mem.8118  0x20000184      0x220 Src\usbd_conf.o
 *(COMMON)
 COMMON         0x200003a4        0x4 Drivers\STM32F1xx_HAL_Driver\Src\stm32f1xx_hal.o
                0x200003a4                uwTick
 COMMON         0x200003a8       0x74 Src\main.o
                0x200003a8                timers
                0x200003ba                texto
                0x200003dc                htim2
 COMMON         0x2000041c      0x224 Src\usb_device.o
                0x2000041c                hUsbDeviceFS
 COMMON         0x20000640      0x7d0 Src\usbd_cdc_if.o
                0x20000640                UserRxBufferFS
                0x20000a28                UserTxBufferFS
 COMMON         0x20000e10      0x460 Src\usbd_conf.o
                0x20000e10                hpcd_USB_FS
 COMMON         0x20001270      0x200 Src\usbd_desc.o
                0x20001270                USBD_StrDesc
                0x20001470                . = ALIGN (0x4)
                0x20001470                _ebss = .
                0x20001470                __bss_end__ = _ebss

._user_heap_stack
                0x20001470      0x600 load address 0x08002f94
                0x20001470                . = ALIGN (0x4)
                0x20001470                PROVIDE (end, .)
                [!provide]                PROVIDE (_end, .)
                0x20001670                . = (. + _Min_Heap_Size)
 *fill*         0x20001470      0x200 
                0x20001a70                . = (. + _Min_Stack_Size)
 *fill*         0x20001670      0x400 
                0x20001a70                . = ALIGN (0x4)

/DISCARD/
 libc.a(*)
 libm.a(*)
 libgcc.a(*)

.ARM.attributes
                0x00000000       0x29
 *(.ARM.attributes)
 .ARM.attributes
                0x00000000       0x1d c:/program files (x86)/atollic/truestudio for stm32 9.2.0/armtools/bin/../lib/gcc/arm-atollic-eabi/6.3.1/armv7-m/crti.o
 .ARM.attributes
                0x0000001d       0x2d c:/program files (x86)/atollic/truestudio for stm32 9.2.0/armtools/bin/../lib/gcc/arm-atollic-eabi/6.3.1/armv7-m/crtbegin.o
 .ARM.attributes
                0x0000004a       0x33 Drivers\STM32F1xx_HAL_Driver\Src\stm32f1xx_hal.o
 .ARM.attributes
                0x0000007d       0x33 Drivers\STM32F1xx_HAL_Driver\Src\stm32f1xx_hal_cortex.o
 .ARM.attributes
                0x000000b0       0x33 Drivers\STM32F1xx_HAL_Driver\Src\stm32f1xx_hal_gpio.o
 .ARM.attributes
                0x000000e3       0x33 Drivers\STM32F1xx_HAL_Driver\Src\stm32f1xx_hal_pcd.o
 .ARM.attributes
                0x00000116       0x33 Drivers\STM32F1xx_HAL_Driver\Src\stm32f1xx_hal_pcd_ex.o
 .ARM.attributes
                0x00000149       0x33 Drivers\STM32F1xx_HAL_Driver\Src\stm32f1xx_hal_rcc.o
 .ARM.attributes
                0x0000017c       0x33 Drivers\STM32F1xx_HAL_Driver\Src\stm32f1xx_hal_rcc_ex.o
 .ARM.attributes
                0x000001af       0x33 Drivers\STM32F1xx_HAL_Driver\Src\stm32f1xx_hal_tim.o
 .ARM.attributes
                0x000001e2       0x33 Drivers\STM32F1xx_HAL_Driver\Src\stm32f1xx_hal_tim_ex.o
 .ARM.attributes
                0x00000215       0x33 Drivers\STM32F1xx_HAL_Driver\Src\stm32f1xx_ll_usb.o
 .ARM.attributes
                0x00000248       0x33 Middlewares\ST\STM32_USB_Device_Library\Class\CDC\Src\usbd_cdc.o
 .ARM.attributes
                0x0000027b       0x33 Middlewares\ST\STM32_USB_Device_Library\Core\Src\usbd_core.o
 .ARM.attributes
                0x000002ae       0x33 Middlewares\ST\STM32_USB_Device_Library\Core\Src\usbd_ctlreq.o
 .ARM.attributes
                0x000002e1       0x33 Middlewares\ST\STM32_USB_Device_Library\Core\Src\usbd_ioreq.o
 .ARM.attributes
                0x00000314       0x33 Src\main.o
 .ARM.attributes
                0x00000347       0x33 Src\stm32f1xx_hal_msp.o
 .ARM.attributes
                0x0000037a       0x33 Src\stm32f1xx_it.o
 .ARM.attributes
                0x000003ad       0x33 Src\system_stm32f1xx.o
 .ARM.attributes
                0x000003e0       0x33 Src\usb_device.o
 .ARM.attributes
                0x00000413       0x33 Src\usbd_cdc_if.o
 .ARM.attributes
                0x00000446       0x33 Src\usbd_conf.o
 .ARM.attributes
                0x00000479       0x33 Src\usbd_desc.o
 .ARM.attributes
                0x000004ac       0x21 startup\startup_stm32f103xb.o
 .ARM.attributes
                0x000004cd       0x2d c:/program files (x86)/atollic/truestudio for stm32 9.2.0/armtools/bin/../lib/gcc/arm-atollic-eabi/6.3.1/../../../../arm-atollic-eabi/lib/armv7-m\libc_nano.a(lib_a-init.o)
 .ARM.attributes
                0x000004fa       0x2d c:/program files (x86)/atollic/truestudio for stm32 9.2.0/armtools/bin/../lib/gcc/arm-atollic-eabi/6.3.1/../../../../arm-atollic-eabi/lib/armv7-m\libc_nano.a(lib_a-memset.o)
 .ARM.attributes
                0x00000527       0x1d c:/program files (x86)/atollic/truestudio for stm32 9.2.0/armtools/bin/../lib/gcc/arm-atollic-eabi/6.3.1/armv7-m/crtn.o
OUTPUT(Maquinas.elf elf32-littlearm)

.debug_info     0x00000000    0x1cdc9
 .debug_info    0x00000000      0xfc8 Drivers\STM32F1xx_HAL_Driver\Src\stm32f1xx_hal.o
 .debug_info    0x00000fc8     0x14a9 Drivers\STM32F1xx_HAL_Driver\Src\stm32f1xx_hal_cortex.o
 .debug_info    0x00002471      0xec2 Drivers\STM32F1xx_HAL_Driver\Src\stm32f1xx_hal_gpio.o
 .debug_info    0x00003333     0x19bf Drivers\STM32F1xx_HAL_Driver\Src\stm32f1xx_hal_pcd.o
 .debug_info    0x00004cf2      0xe43 Drivers\STM32F1xx_HAL_Driver\Src\stm32f1xx_hal_pcd_ex.o
 .debug_info    0x00005b35     0x123d Drivers\STM32F1xx_HAL_Driver\Src\stm32f1xx_hal_rcc.o
 .debug_info    0x00006d72      0xc9d Drivers\STM32F1xx_HAL_Driver\Src\stm32f1xx_hal_rcc_ex.o
 .debug_info    0x00007a0f     0x3bb9 Drivers\STM32F1xx_HAL_Driver\Src\stm32f1xx_hal_tim.o
 .debug_info    0x0000b5c8     0x1989 Drivers\STM32F1xx_HAL_Driver\Src\stm32f1xx_hal_tim_ex.o
 .debug_info    0x0000cf51     0x1746 Drivers\STM32F1xx_HAL_Driver\Src\stm32f1xx_ll_usb.o
 .debug_info    0x0000e697     0x153c Middlewares\ST\STM32_USB_Device_Library\Class\CDC\Src\usbd_cdc.o
 .debug_info    0x0000fbd3     0x14ac Middlewares\ST\STM32_USB_Device_Library\Core\Src\usbd_core.o
 .debug_info    0x0001107f     0x14df Middlewares\ST\STM32_USB_Device_Library\Core\Src\usbd_ctlreq.o
 .debug_info    0x0001255e     0x100b Middlewares\ST\STM32_USB_Device_Library\Core\Src\usbd_ioreq.o
 .debug_info    0x00013569     0x1936 Src\main.o
 .debug_info    0x00014e9f     0x1159 Src\stm32f1xx_hal_msp.o
 .debug_info    0x00015ff8     0x12d2 Src\stm32f1xx_it.o
 .debug_info    0x000172ca      0xc4d Src\system_stm32f1xx.o
 .debug_info    0x00017f17      0xebf Src\usb_device.o
 .debug_info    0x00018dd6     0x1119 Src\usbd_cdc_if.o
 .debug_info    0x00019eef     0x2091 Src\usbd_conf.o
 .debug_info    0x0001bf80      0xdc0 Src\usbd_desc.o
 .debug_info    0x0001cd40       0x89 startup\startup_stm32f103xb.o

.debug_abbrev   0x00000000     0x3db5
 .debug_abbrev  0x00000000      0x315 Drivers\STM32F1xx_HAL_Driver\Src\stm32f1xx_hal.o
 .debug_abbrev  0x00000315      0x399 Drivers\STM32F1xx_HAL_Driver\Src\stm32f1xx_hal_cortex.o
 .debug_abbrev  0x000006ae      0x268 Drivers\STM32F1xx_HAL_Driver\Src\stm32f1xx_hal_gpio.o
 .debug_abbrev  0x00000916      0x39a Drivers\STM32F1xx_HAL_Driver\Src\stm32f1xx_hal_pcd.o
 .debug_abbrev  0x00000cb0      0x1f5 Drivers\STM32F1xx_HAL_Driver\Src\stm32f1xx_hal_pcd_ex.o
 .debug_abbrev  0x00000ea5      0x367 Drivers\STM32F1xx_HAL_Driver\Src\stm32f1xx_hal_rcc.o
 .debug_abbrev  0x0000120c      0x277 Drivers\STM32F1xx_HAL_Driver\Src\stm32f1xx_hal_rcc_ex.o
 .debug_abbrev  0x00001483      0x3bb Drivers\STM32F1xx_HAL_Driver\Src\stm32f1xx_hal_tim.o
 .debug_abbrev  0x0000183e      0x30d Drivers\STM32F1xx_HAL_Driver\Src\stm32f1xx_hal_tim_ex.o
 .debug_abbrev  0x00001b4b      0x31c Drivers\STM32F1xx_HAL_Driver\Src\stm32f1xx_ll_usb.o
 .debug_abbrev  0x00001e67      0x2e8 Middlewares\ST\STM32_USB_Device_Library\Class\CDC\Src\usbd_cdc.o
 .debug_abbrev  0x0000214f      0x308 Middlewares\ST\STM32_USB_Device_Library\Core\Src\usbd_core.o
 .debug_abbrev  0x00002457      0x3aa Middlewares\ST\STM32_USB_Device_Library\Core\Src\usbd_ctlreq.o
 .debug_abbrev  0x00002801      0x1da Middlewares\ST\STM32_USB_Device_Library\Core\Src\usbd_ioreq.o
 .debug_abbrev  0x000029db      0x376 Src\main.o
 .debug_abbrev  0x00002d51      0x228 Src\stm32f1xx_hal_msp.o
 .debug_abbrev  0x00002f79      0x222 Src\stm32f1xx_it.o
 .debug_abbrev  0x0000319b      0x1eb Src\system_stm32f1xx.o
 .debug_abbrev  0x00003386      0x1e4 Src\usb_device.o
 .debug_abbrev  0x0000356a      0x2d4 Src\usbd_cdc_if.o
 .debug_abbrev  0x0000383e      0x2ea Src\usbd_conf.o
 .debug_abbrev  0x00003b28      0x27b Src\usbd_desc.o
 .debug_abbrev  0x00003da3       0x12 startup\startup_stm32f103xb.o

.debug_loc      0x00000000     0x81c2
 .debug_loc     0x00000000      0x11b Drivers\STM32F1xx_HAL_Driver\Src\stm32f1xx_hal.o
 .debug_loc     0x0000011b      0x46b Drivers\STM32F1xx_HAL_Driver\Src\stm32f1xx_hal_cortex.o
 .debug_loc     0x00000586      0x36a Drivers\STM32F1xx_HAL_Driver\Src\stm32f1xx_hal_gpio.o
 .debug_loc     0x000008f0      0x995 Drivers\STM32F1xx_HAL_Driver\Src\stm32f1xx_hal_pcd.o
 .debug_loc     0x00001285       0xe0 Drivers\STM32F1xx_HAL_Driver\Src\stm32f1xx_hal_pcd_ex.o
 .debug_loc     0x00001365      0x4c3 Drivers\STM32F1xx_HAL_Driver\Src\stm32f1xx_hal_rcc.o
 .debug_loc     0x00001828      0x29d Drivers\STM32F1xx_HAL_Driver\Src\stm32f1xx_hal_rcc_ex.o
 .debug_loc     0x00001ac5     0x300c Drivers\STM32F1xx_HAL_Driver\Src\stm32f1xx_hal_tim.o
 .debug_loc     0x00004ad1      0x822 Drivers\STM32F1xx_HAL_Driver\Src\stm32f1xx_hal_tim_ex.o
 .debug_loc     0x000052f3      0xb9c Drivers\STM32F1xx_HAL_Driver\Src\stm32f1xx_ll_usb.o
 .debug_loc     0x00005e8f      0x4cf Middlewares\ST\STM32_USB_Device_Library\Class\CDC\Src\usbd_cdc.o
 .debug_loc     0x0000635e      0x5f2 Middlewares\ST\STM32_USB_Device_Library\Core\Src\usbd_core.o
 .debug_loc     0x00006950      0x7cd Middlewares\ST\STM32_USB_Device_Library\Core\Src\usbd_ctlreq.o
 .debug_loc     0x0000711d      0x23c Middlewares\ST\STM32_USB_Device_Library\Core\Src\usbd_ioreq.o
 .debug_loc     0x00007359       0x55 Src\main.o
 .debug_loc     0x000073ae       0x4d Src\stm32f1xx_hal_msp.o
 .debug_loc     0x000073fb       0xcd Src\system_stm32f1xx.o
 .debug_loc     0x000074c8      0x122 Src\usbd_cdc_if.o
 .debug_loc     0x000075ea      0x965 Src\usbd_conf.o
 .debug_loc     0x00007f4f      0x273 Src\usbd_desc.o

.debug_aranges  0x00000000      0xc30
 .debug_aranges
                0x00000000       0xc8 Drivers\STM32F1xx_HAL_Driver\Src\stm32f1xx_hal.o
 .debug_aranges
                0x000000c8       0x90 Drivers\STM32F1xx_HAL_Driver\Src\stm32f1xx_hal_cortex.o
 .debug_aranges
                0x00000158       0x58 Drivers\STM32F1xx_HAL_Driver\Src\stm32f1xx_hal_gpio.o
 .debug_aranges
                0x000001b0       0xc0 Drivers\STM32F1xx_HAL_Driver\Src\stm32f1xx_hal_pcd.o
 .debug_aranges
                0x00000270       0x28 Drivers\STM32F1xx_HAL_Driver\Src\stm32f1xx_hal_pcd_ex.o
 .debug_aranges
                0x00000298       0x88 Drivers\STM32F1xx_HAL_Driver\Src\stm32f1xx_hal_rcc.o
 .debug_aranges
                0x00000320       0x30 Drivers\STM32F1xx_HAL_Driver\Src\stm32f1xx_hal_rcc_ex.o
 .debug_aranges
                0x00000350      0x250 Drivers\STM32F1xx_HAL_Driver\Src\stm32f1xx_hal_tim.o
 .debug_aranges
                0x000005a0       0xe8 Drivers\STM32F1xx_HAL_Driver\Src\stm32f1xx_hal_tim_ex.o
 .debug_aranges
                0x00000688       0xe0 Drivers\STM32F1xx_HAL_Driver\Src\stm32f1xx_ll_usb.o
 .debug_aranges
                0x00000768       0x90 Middlewares\ST\STM32_USB_Device_Library\Class\CDC\Src\usbd_cdc.o
 .debug_aranges
                0x000007f8       0xa8 Middlewares\ST\STM32_USB_Device_Library\Core\Src\usbd_core.o
 .debug_aranges
                0x000008a0       0x50 Middlewares\ST\STM32_USB_Device_Library\Core\Src\usbd_ctlreq.o
 .debug_aranges
                0x000008f0       0x50 Middlewares\ST\STM32_USB_Device_Library\Core\Src\usbd_ioreq.o
 .debug_aranges
                0x00000940       0x50 Src\main.o
 .debug_aranges
                0x00000990       0x30 Src\stm32f1xx_hal_msp.o
 .debug_aranges
                0x000009c0       0x58 Src\stm32f1xx_it.o
 .debug_aranges
                0x00000a18       0x28 Src\system_stm32f1xx.o
 .debug_aranges
                0x00000a40       0x20 Src\usb_device.o
 .debug_aranges
                0x00000a60       0x48 Src\usbd_cdc_if.o
 .debug_aranges
                0x00000aa8      0x110 Src\usbd_conf.o
 .debug_aranges
                0x00000bb8       0x50 Src\usbd_desc.o
 .debug_aranges
                0x00000c08       0x28 startup\startup_stm32f103xb.o

.debug_ranges   0x00000000     0x1040
 .debug_ranges  0x00000000       0xb8 Drivers\STM32F1xx_HAL_Driver\Src\stm32f1xx_hal.o
 .debug_ranges  0x000000b8      0x128 Drivers\STM32F1xx_HAL_Driver\Src\stm32f1xx_hal_cortex.o
 .debug_ranges  0x000001e0       0x60 Drivers\STM32F1xx_HAL_Driver\Src\stm32f1xx_hal_gpio.o
 .debug_ranges  0x00000240      0x118 Drivers\STM32F1xx_HAL_Driver\Src\stm32f1xx_hal_pcd.o
 .debug_ranges  0x00000358       0x18 Drivers\STM32F1xx_HAL_Driver\Src\stm32f1xx_hal_pcd_ex.o
 .debug_ranges  0x00000370       0xa0 Drivers\STM32F1xx_HAL_Driver\Src\stm32f1xx_hal_rcc.o
 .debug_ranges  0x00000410       0x40 Drivers\STM32F1xx_HAL_Driver\Src\stm32f1xx_hal_rcc_ex.o
 .debug_ranges  0x00000450      0x340 Drivers\STM32F1xx_HAL_Driver\Src\stm32f1xx_hal_tim.o
 .debug_ranges  0x00000790       0xd8 Drivers\STM32F1xx_HAL_Driver\Src\stm32f1xx_hal_tim_ex.o
 .debug_ranges  0x00000868      0x260 Drivers\STM32F1xx_HAL_Driver\Src\stm32f1xx_ll_usb.o
 .debug_ranges  0x00000ac8       0x80 Middlewares\ST\STM32_USB_Device_Library\Class\CDC\Src\usbd_cdc.o
 .debug_ranges  0x00000b48       0x98 Middlewares\ST\STM32_USB_Device_Library\Core\Src\usbd_core.o
 .debug_ranges  0x00000be0       0xc0 Middlewares\ST\STM32_USB_Device_Library\Core\Src\usbd_ctlreq.o
 .debug_ranges  0x00000ca0       0x40 Middlewares\ST\STM32_USB_Device_Library\Core\Src\usbd_ioreq.o
 .debug_ranges  0x00000ce0       0xa0 Src\main.o
 .debug_ranges  0x00000d80       0x90 Src\stm32f1xx_hal_msp.o
 .debug_ranges  0x00000e10       0x48 Src\stm32f1xx_it.o
 .debug_ranges  0x00000e58       0x18 Src\system_stm32f1xx.o
 .debug_ranges  0x00000e70       0x10 Src\usb_device.o
 .debug_ranges  0x00000e80       0x38 Src\usbd_cdc_if.o
 .debug_ranges  0x00000eb8      0x128 Src\usbd_conf.o
 .debug_ranges  0x00000fe0       0x40 Src\usbd_desc.o
 .debug_ranges  0x00001020       0x20 startup\startup_stm32f103xb.o

.debug_line     0x00000000     0x7246
 .debug_line    0x00000000      0x45f Drivers\STM32F1xx_HAL_Driver\Src\stm32f1xx_hal.o
 .debug_line    0x0000045f      0x469 Drivers\STM32F1xx_HAL_Driver\Src\stm32f1xx_hal_cortex.o
 .debug_line    0x000008c8      0x45e Drivers\STM32F1xx_HAL_Driver\Src\stm32f1xx_hal_gpio.o
 .debug_line    0x00000d26      0x702 Drivers\STM32F1xx_HAL_Driver\Src\stm32f1xx_hal_pcd.o
 .debug_line    0x00001428      0x2ff Drivers\STM32F1xx_HAL_Driver\Src\stm32f1xx_hal_pcd_ex.o
 .debug_line    0x00001727      0x639 Drivers\STM32F1xx_HAL_Driver\Src\stm32f1xx_hal_rcc.o
 .debug_line    0x00001d60      0x3cc Drivers\STM32F1xx_HAL_Driver\Src\stm32f1xx_hal_rcc_ex.o
 .debug_line    0x0000212c     0x115f Drivers\STM32F1xx_HAL_Driver\Src\stm32f1xx_hal_tim.o
 .debug_line    0x0000328b      0x701 Drivers\STM32F1xx_HAL_Driver\Src\stm32f1xx_hal_tim_ex.o
 .debug_line    0x0000398c      0x628 Drivers\STM32F1xx_HAL_Driver\Src\stm32f1xx_ll_usb.o
 .debug_line    0x00003fb4      0x543 Middlewares\ST\STM32_USB_Device_Library\Class\CDC\Src\usbd_cdc.o
 .debug_line    0x000044f7      0x52d Middlewares\ST\STM32_USB_Device_Library\Core\Src\usbd_core.o
 .debug_line    0x00004a24      0x4ad Middlewares\ST\STM32_USB_Device_Library\Core\Src\usbd_ctlreq.o
 .debug_line    0x00004ed1      0x3c3 Middlewares\ST\STM32_USB_Device_Library\Core\Src\usbd_ioreq.o
 .debug_line    0x00005294      0x4b6 Src\main.o
 .debug_line    0x0000574a      0x314 Src\stm32f1xx_hal_msp.o
 .debug_line    0x00005a5e      0x359 Src\stm32f1xx_it.o
 .debug_line    0x00005db7      0x2bf Src\system_stm32f1xx.o
 .debug_line    0x00006076      0x38e Src\usb_device.o
 .debug_line    0x00006404      0x3d1 Src\usbd_cdc_if.o
 .debug_line    0x000067d5      0x651 Src\usbd_conf.o
 .debug_line    0x00006e26      0x3a3 Src\usbd_desc.o
 .debug_line    0x000071c9       0x7d startup\startup_stm32f103xb.o

.debug_str      0x00000000     0x4334
 .debug_str     0x00000000      0xbd8 Drivers\STM32F1xx_HAL_Driver\Src\stm32f1xx_hal.o
                                0xc7f (size before relaxing)
 .debug_str     0x00000bd8      0x2e1 Drivers\STM32F1xx_HAL_Driver\Src\stm32f1xx_hal_cortex.o
                                0xda7 (size before relaxing)
 .debug_str     0x00000eb9      0x1c9 Drivers\STM32F1xx_HAL_Driver\Src\stm32f1xx_hal_gpio.o
                                0x914 (size before relaxing)
 .debug_str     0x00001082      0x7d3 Drivers\STM32F1xx_HAL_Driver\Src\stm32f1xx_hal_pcd.o
                                0xf0e (size before relaxing)
 .debug_str     0x00001855       0x57 Drivers\STM32F1xx_HAL_Driver\Src\stm32f1xx_hal_pcd_ex.o
                                0xa39 (size before relaxing)
 .debug_str     0x000018ac      0x326 Drivers\STM32F1xx_HAL_Driver\Src\stm32f1xx_hal_rcc.o
                                0xaf2 (size before relaxing)
 .debug_str     0x00001bd2      0x12b Drivers\STM32F1xx_HAL_Driver\Src\stm32f1xx_hal_rcc_ex.o
                                0x8cf (size before relaxing)
 .debug_str     0x00001cfd     0x109f Drivers\STM32F1xx_HAL_Driver\Src\stm32f1xx_hal_tim.o
                               0x1843 (size before relaxing)
 .debug_str     0x00002d9c      0x4f1 Drivers\STM32F1xx_HAL_Driver\Src\stm32f1xx_hal_tim_ex.o
                               0x10e5 (size before relaxing)
 .debug_str     0x0000328d      0x155 Drivers\STM32F1xx_HAL_Driver\Src\stm32f1xx_ll_usb.o
                                0xc0c (size before relaxing)
 .debug_str     0x000033e2      0x64f Middlewares\ST\STM32_USB_Device_Library\Class\CDC\Src\usbd_cdc.o
                                0xdb8 (size before relaxing)
 .debug_str     0x00003a31      0x2a0 Middlewares\ST\STM32_USB_Device_Library\Core\Src\usbd_core.o
                                0xd2a (size before relaxing)
 .debug_str     0x00003cd1      0x12e Middlewares\ST\STM32_USB_Device_Library\Core\Src\usbd_ctlreq.o
                                0xc44 (size before relaxing)
 .debug_str     0x00003dff       0x51 Middlewares\ST\STM32_USB_Device_Library\Core\Src\usbd_ioreq.o
                                0xb71 (size before relaxing)
 .debug_str     0x00003e50      0x193 Src\main.o
                                0xff5 (size before relaxing)
 .debug_str     0x00003fe3       0x25 Src\stm32f1xx_hal_msp.o
                                0xe21 (size before relaxing)
 .debug_str     0x00004008       0xdd Src\stm32f1xx_it.o
                                0xe00 (size before relaxing)
 .debug_str     0x000040e5       0x4d Src\system_stm32f1xx.o
                                0x77d (size before relaxing)
 .debug_str     0x00004132       0x38 Src\usb_device.o
                                0xb0a (size before relaxing)
 .debug_str     0x0000416a       0x6b Src\usbd_cdc_if.o
                                0xc19 (size before relaxing)
 .debug_str     0x000041d5       0x51 Src\usbd_conf.o
                               0x160a (size before relaxing)
 .debug_str     0x00004226      0x10e Src\usbd_desc.o
                                0x8e5 (size before relaxing)

.comment        0x00000000       0x7c
 .comment       0x00000000       0x7c Drivers\STM32F1xx_HAL_Driver\Src\stm32f1xx_hal.o
                                 0x7d (size before relaxing)
 .comment       0x0000007c       0x7d Drivers\STM32F1xx_HAL_Driver\Src\stm32f1xx_hal_cortex.o
 .comment       0x0000007c       0x7d Drivers\STM32F1xx_HAL_Driver\Src\stm32f1xx_hal_gpio.o
 .comment       0x0000007c       0x7d Drivers\STM32F1xx_HAL_Driver\Src\stm32f1xx_hal_pcd.o
 .comment       0x0000007c       0x7d Drivers\STM32F1xx_HAL_Driver\Src\stm32f1xx_hal_pcd_ex.o
 .comment       0x0000007c       0x7d Drivers\STM32F1xx_HAL_Driver\Src\stm32f1xx_hal_rcc.o
 .comment       0x0000007c       0x7d Drivers\STM32F1xx_HAL_Driver\Src\stm32f1xx_hal_rcc_ex.o
 .comment       0x0000007c       0x7d Drivers\STM32F1xx_HAL_Driver\Src\stm32f1xx_hal_tim.o
 .comment       0x0000007c       0x7d Drivers\STM32F1xx_HAL_Driver\Src\stm32f1xx_hal_tim_ex.o
 .comment       0x0000007c       0x7d Drivers\STM32F1xx_HAL_Driver\Src\stm32f1xx_ll_usb.o
 .comment       0x0000007c       0x7d Middlewares\ST\STM32_USB_Device_Library\Class\CDC\Src\usbd_cdc.o
 .comment       0x0000007c       0x7d Middlewares\ST\STM32_USB_Device_Library\Core\Src\usbd_core.o
 .comment       0x0000007c       0x7d Middlewares\ST\STM32_USB_Device_Library\Core\Src\usbd_ctlreq.o
 .comment       0x0000007c       0x7d Middlewares\ST\STM32_USB_Device_Library\Core\Src\usbd_ioreq.o
 .comment       0x0000007c       0x7d Src\main.o
 .comment       0x0000007c       0x7d Src\stm32f1xx_hal_msp.o
 .comment       0x0000007c       0x7d Src\stm32f1xx_it.o
 .comment       0x0000007c       0x7d Src\system_stm32f1xx.o
 .comment       0x0000007c       0x7d Src\usb_device.o
 .comment       0x0000007c       0x7d Src\usbd_cdc_if.o
 .comment       0x0000007c       0x7d Src\usbd_conf.o
 .comment       0x0000007c       0x7d Src\usbd_desc.o

.debug_frame    0x00000000     0x20ac
 .debug_frame   0x00000000      0x1b0 Drivers\STM32F1xx_HAL_Driver\Src\stm32f1xx_hal.o
 .debug_frame   0x000001b0      0x120 Drivers\STM32F1xx_HAL_Driver\Src\stm32f1xx_hal_cortex.o
 .debug_frame   0x000002d0       0xd4 Drivers\STM32F1xx_HAL_Driver\Src\stm32f1xx_hal_gpio.o
 .debug_frame   0x000003a4      0x2c4 Drivers\STM32F1xx_HAL_Driver\Src\stm32f1xx_hal_pcd.o
 .debug_frame   0x00000668       0x30 Drivers\STM32F1xx_HAL_Driver\Src\stm32f1xx_hal_pcd_ex.o
 .debug_frame   0x00000698      0x150 Drivers\STM32F1xx_HAL_Driver\Src\stm32f1xx_hal_rcc.o
 .debug_frame   0x000007e8       0x6c Drivers\STM32F1xx_HAL_Driver\Src\stm32f1xx_hal_rcc_ex.o
 .debug_frame   0x00000854      0x854 Drivers\STM32F1xx_HAL_Driver\Src\stm32f1xx_hal_tim.o
 .debug_frame   0x000010a8      0x320 Drivers\STM32F1xx_HAL_Driver\Src\stm32f1xx_hal_tim_ex.o
 .debug_frame   0x000013c8      0x22c Drivers\STM32F1xx_HAL_Driver\Src\stm32f1xx_ll_usb.o
 .debug_frame   0x000015f4      0x14c Middlewares\ST\STM32_USB_Device_Library\Class\CDC\Src\usbd_cdc.o
 .debug_frame   0x00001740      0x1c0 Middlewares\ST\STM32_USB_Device_Library\Core\Src\usbd_core.o
 .debug_frame   0x00001900       0xcc Middlewares\ST\STM32_USB_Device_Library\Core\Src\usbd_ctlreq.o
 .debug_frame   0x000019cc       0xb8 Middlewares\ST\STM32_USB_Device_Library\Core\Src\usbd_ioreq.o
 .debug_frame   0x00001a84       0xb0 Src\main.o
 .debug_frame   0x00001b34       0x50 Src\stm32f1xx_hal_msp.o
 .debug_frame   0x00001b84       0xc0 Src\stm32f1xx_it.o
 .debug_frame   0x00001c44       0x30 Src\system_stm32f1xx.o
 .debug_frame   0x00001c74       0x2c Src\usb_device.o
 .debug_frame   0x00001ca0       0x94 Src\usbd_cdc_if.o
 .debug_frame   0x00001d34      0x284 Src\usbd_conf.o
 .debug_frame   0x00001fb8       0xa8 Src\usbd_desc.o
 .debug_frame   0x00002060       0x2c c:/program files (x86)/atollic/truestudio for stm32 9.2.0/armtools/bin/../lib/gcc/arm-atollic-eabi/6.3.1/../../../../arm-atollic-eabi/lib/armv7-m\libc_nano.a(lib_a-init.o)
 .debug_frame   0x0000208c       0x20 c:/program files (x86)/atollic/truestudio for stm32 9.2.0/armtools/bin/../lib/gcc/arm-atollic-eabi/6.3.1/../../../../arm-atollic-eabi/lib/armv7-m\libc_nano.a(lib_a-memset.o)
